Running Gradle task 'assembleRelease'...                           44,9s
ÔêÜ Built build\app\outputs\flutter-apk\app-release.apk (50.9MB)
